// Jest Snapshot v1, https://goo.gl/fbAQLP

exports[`catalog identity beats the words in a name exactly these registry identities are rain-OK 1`] = `
{
  "findingsTypes": [
    "bed_bug",
    "german_roach_knockdown",
    "pest_inspection",
    "rodent_inspection",
    "rodent_sanitation",
    "rodent_trapping",
    "termite_inspection",
    "wdo_inspection",
    "wildlife_trapping",
  ],
  "serviceKeys": [
    "bed_bug_treatment",
    "german_roach",
    "german_roach_initial",
    "lawn_inspection",
    "wdo_inspection",
  ],
}
`;
